#-----------------------------------------------------------
# Vivado v2024.1 (64-bit)
# SW Build 5076996 on Wed May 22 18:37:14 MDT 2024
# IP Build 5075265 on Wed May 22 21:45:21 MDT 2024
# SharedData Build 5076995 on Wed May 22 18:29:18 MDT 2024
# Start of session at: Tue Dec 16 18:12:26 2025
# Process ID: 5832
# Current directory: C:/Xilinx/Vivado/trabajocoche/trabajocoche.runs/synth_1
# Command line: vivado.exe -log top_r.vds -product Vivado -mode batch -messageDb vivado.pb -notrace -source top_r.tcl
# Log file: C:/Xilinx/Vivado/trabajocoche/trabajocoche.runs/synth_1/top_r.vds
# Journal file: C:/Xilinx/Vivado/trabajocoche/trabajocoche.runs/synth_1\vivado.jou
# Running On        :ignacioCM
# Platform          :Windows Server 2016 or Windows 10
# Operating System  :26100
# Processor Detail  :AMD Ryzen 5 5600H with Radeon Graphics         
# CPU Frequency     :3294 MHz
# CPU Physical cores:6
# CPU Logical cores :12
# Host memory       :16473 MB
# Swap memory       :6710 MB
# Total Virtual     :23184 MB
# Available Virtual :7672 MB
#-----------------------------------------------------------
source top_r.tcl -notrace
